// Jest Snapshot v1, https://goo.gl/fbAQLP

exports[`CameraCaptureAnimatorTest should render the CameraCaptureAnimator 1`] = `
<View
  style={Object {}}
/>
`;
