// Jest Snapshot v1, https://goo.gl/fbAQLP

exports[`ImagePreview snapshot test It should render ImagePreview Correctly 1`] = `
<View
  style={
    Object {
      "flex": 1,
    }
  }
>
  <imagePreviewAndroid />
</View>
`;
