// Jest Snapshot v1, https://goo.gl/fbAQLP

exports[`VideoTrimmerTest should render correctly with state to props 1`] = `
<View
  style={
    Object {
      "backgroundColor": "#000",
      "flex": 1,
    }
  }
>
  <View
    delay={10}
    isSpeedControl={false}
    moveSlop={15}
    onPress={[Function]}
    scale={1.1}
    style={
      Object {
        "marginBottom": 10,
        "opacity": 0,
        "transform": Array [
          Object {
            "scale": 1,
          },
        ],
        "width": 45,
      }
    }
  >
    <View
      onMoveShouldSetResponder={[Function]}
      onMoveShouldSetResponderCapture={[Function]}
      onResponderEnd={[Function]}
      onResponderGrant={[Function]}
      onResponderMove={[Function]}
      onResponderReject={[Function]}
      onResponderRelease={[Function]}
      onResponderStart={[Function]}
      onResponderTerminate={[Function]}
      onResponderTerminationRequest={[Function]}
      onStartShouldSetResponder={[Function]}
      onStartShouldSetResponderCapture={[Function]}
    >
      <View
        style={
          Object {
            "paddingLeft": 10,
            "paddingTop": 10,
          }
        }
      >
        <Image
          source={
            Object {
              "testUri": "../../../src/res/assets/images/cross.png",
            }
          }
          style={
            Object {
              "height": 20,
              "paddingTop": 10,
              "width": 20,
            }
          }
        />
      </View>
    </View>
  </View>
  <View
    style={
      Object {
        "flex": 1,
      }
    }
  >
    <View
      style={
        Object {
          "flex": 4,
          "margin": 20,
        }
      }
    >
      <View
        style={
          Object {
            "flex": 1,
          }
        }
      >
        <AdjustableExoVideoPlayer
          cropPosition={[Function]}
          loaderState={false}
          style={
            Object {
              "height": "100%",
              "width": "100%",
            }
          }
        />
      </View>
    </View>
    <View
      style={
        Object {
          "height": 200,
          "marginLeft": 10,
          "marginRight": 10,
        }
      }
    >
      <View
        style={
          Object {
            "bottom": 0,
            "flex": 1,
            "left": 4,
            "position": "absolute",
            "right": 4,
            "zIndex": 10,
          }
        }
      >
        <VideoTimeLineView
          exportVideo={[Function]}
          seekTo={[Function]}
          showOrHideLoader={[Function]}
          style={
            Object {
              "height": 180,
              "width": "100%",
            }
          }
          updatePreview={[Function]}
          updateVideoPlayback={[Function]}
        />
      </View>
    </View>
  </View>
  <View
    style={
      Object {
        "alignSelf": "flex-end",
        "height": 40,
      }
    }
  >
    <View
      accessible={true}
      focusable={true}
      isTVSelectable={true}
      onClick={[Function]}
      onResponderGrant={[Function]}
      onResponderMove={[Function]}
      onResponderRelease={[Function]}
      onResponderTerminate={[Function]}
      onResponderTerminationRequest={[Function]}
      onStartShouldSetResponder={[Function]}
      style={
        Object {
          "opacity": 1,
        }
      }
    >
      <Image
        source={
          Object {
            "testUri": "../../../src/res/assets/images/next_button_send.png",
          }
        }
        style={
          Object {
            "height": 25,
            "margin": 10,
            "width": 25,
          }
        }
      />
    </View>
  </View>
</View>
`;
