// Jest Snapshot v1, https://goo.gl/fbAQLP

exports[`AddMusicToVideo snapshot test It should render AddMusicToVideo Correctly 1`] = `
<View
  style={
    Object {
      "flex": 1,
    }
  }
>
  <MusicToVideo />
</View>
`;
