// Jest Snapshot v1, https://goo.gl/fbAQLP

exports[`GalleryPicker Tests should render GalleryPicker correctly 1`] = `
<Modal
  animationType="slide"
  hardwareAccelerated={false}
  onRequestClose={[Function]}
  onShow={[Function]}
  style={
    Object {
      "backgroundColor": "#000",
      "height": "100%",
      "left": 0,
      "position": "absolute",
      "top": 0,
      "width": "100%",
    }
  }
  transparent={false}
  visible={true}
>
  <View
    style={
      Object {
        "backgroundColor": "#000",
        "flexDirection": "column",
      }
    }
  >
    <View
      style={
        Object {
          "flexDirection": "row",
          "justifyContent": "space-between",
        }
      }
    >
      <View
        accessible={true}
        focusable={true}
        isTVSelectable={true}
        onClick={[Function]}
        onResponderGrant={[Function]}
        onResponderMove={[Function]}
        onResponderRelease={[Function]}
        onResponderTerminate={[Function]}
        onResponderTerminationRequest={[Function]}
        onStartShouldSetResponder={[Function]}
        style={
          Object {
            "marginBottom": 4,
            "marginLeft": 10,
            "marginRight": 10,
            "marginTop": 4,
            "opacity": 1,
          }
        }
      >
        <Image
          source={
            Object {
              "testUri": "../../../src/res/assets/images/cross.png",
            }
          }
          style={
            Object {
              "height": 24,
              "width": 24,
            }
          }
        />
      </View>
    </View>
    <View
      style={
        Object {
          "flexDirection": "row",
          "marginTop": 10,
          "width": "100%",
        }
      }
    >
      <View
        style={
          Object {
            "alignItems": "center",
            "flex": 1,
            "justifyContent": "center",
          }
        }
      >
        <View
          accessible={true}
          focusable={true}
          isTVSelectable={true}
          onClick={[Function]}
          onResponderGrant={[Function]}
          onResponderMove={[Function]}
          onResponderRelease={[Function]}
          onResponderTerminate={[Function]}
          onResponderTerminationRequest={[Function]}
          onStartShouldSetResponder={[Function]}
          style={
            Object {
              "opacity": 1,
            }
          }
        >
          <Text
            style={
              Object {
                "color": "#fff",
                "fontSize": 16,
                "fontWeight": "700",
              }
            }
          >
            Videos
          </Text>
        </View>
        <View
          style={
            Object {
              "backgroundColor": "#f9089b",
              "height": 6,
              "top": 2,
              "width": 100,
            }
          }
        />
      </View>
      <View
        style={
          Object {
            "alignItems": "center",
            "flex": 1,
            "justifyContent": "center",
          }
        }
      >
        <View
          accessible={true}
          focusable={true}
          isTVSelectable={true}
          onClick={[Function]}
          onResponderGrant={[Function]}
          onResponderMove={[Function]}
          onResponderRelease={[Function]}
          onResponderTerminate={[Function]}
          onResponderTerminationRequest={[Function]}
          onStartShouldSetResponder={[Function]}
          style={
            Object {
              "opacity": 1,
            }
          }
        >
          <Text
            style={
              Object {
                "color": "#fff",
                "fontSize": 16,
                "fontWeight": "700",
              }
            }
          >
            Photos
          </Text>
        </View>
      </View>
    </View>
    <View
      style={
        Array [
          "null",
        ]
      }
    >
      <View
        onLayout={[Function]}
        style={
          Object {
            "height": "100%",
            "marginBottom": 12,
            "marginLeft": 6,
            "marginRight": 6,
            "marginTop": 12,
            "width": "100%",
          }
        }
      >
        <ActivityIndicator
          animating={true}
          color="#f9089b"
          hidesWhenStopped={true}
          size="large"
          style={
            Object {
              "alignSef": "center",
            }
          }
        />
        <RCTScrollView
          nestedScrollEnabled={true}
          style={
            Object {
              "backgroundColor": "black",
              "flex": 1,
              "marginBottom": 200,
            }
          }
        >
          <View />
        </RCTScrollView>
      </View>
    </View>
    <View
      style={
        Object {
          "bottom": 0,
          "height": 100,
          "justifyContent": "flex-end",
          "marginBottom": 65,
          "position": "absolute",
          "width": "100%",
        }
      }
    >
      <View
        style={
          Object {
            "flex": 1,
            "flexDirection": "row",
          }
        }
      >
        <View
          style={
            Object {
              "flex": 1,
            }
          }
        />
        <View
          style={
            Object {
              "alignItems": "center",
              "width": 60,
            }
          }
        />
      </View>
    </View>
  </View>
</Modal>
`;
