// Jest Snapshot v1, https://goo.gl/fbAQLP

exports[`AdjustableExoPlayer snapshot test It should render AdjustableExoPlayer Correctly 1`] = `
<View
  style={
    Object {
      "flex": 1,
    }
  }
>
  <AdjustableExoVideoPlayer />
</View>
`;
