// Jest Snapshot v1, https://goo.gl/fbAQLP

exports[`CameraControls snapshot test It should render CameraControls Correctly 1`] = `null`;
